// Jest Snapshot v1, https://goo.gl/fbAQLP

exports[`parse desc 1`] = `
Object {
  "ARCH": "x86_64",
  "BASE": "calamares",
  "BUILDDATE": "1638613406",
  "CSIZE": "4930404",
  "DEPENDS": Array [
    "kconfig",
    "kcoreaddons",
    "kiconthemes",
    "ki18n",
    "kio",
    "solid",
    "yaml-cpp",
    "kpmcore>=4.2.0",
    "mkinitcpio-openswap",
    "boost-libs",
    "ckbcomp",
    "hwinfo",
    "qt5-svg",
    "polkit-qt5",
    "gtk-update-icon-cache",
    "plasma-framework",
    "qt5-xmlpatterns",
    "squashfs-tools",
    "libpwquality",
    "appstream-qt",
    "icu",
  ],
  "DESC": "Distribution-independent installer framework",
  "FILENAME": "calamares-3.2.48-1-x86_64.pkg.tar.zst",
  "ISIZE": "10185320",
  "LICENSE": "LGPL",
  "MAKEDEPENDS": Array [
    "extra-cmake-modules",
    "qt5-tools",
    "qt5-translations",
    "git",
    "boost",
    "",
  ],
  "MD5SUM": "9b34e11331399af3cd84db14006c470e",
  "NAME": "calamares",
  "PACKAGER": "Unknown Packager",
  "PGPSIG": "iQGzBAABCgAdFiEEpExkTXknZ87XlBr+q7IHXV8xDPgFAmGrRKQACgkQq7IHXV8xDPjdUgv/c4i/btU7rGFuJfqePeLjP09GDobJqlIWzHuB3wpBZa5s2oUqm9sTkbCZYW2KccD922rL6NrTVVq1vVC3y5YgDthCGGbm75GeYF95cJ8uDac4HEYDJVplgfZrvNXGuAUWJiHxtbU+1zBks5lculClNFw//3e+uLOzDJj52LjxZ88wSI+UCCI+yoY4hDyPCbJzVKb4zB7cclcuYNMTwMwP0fqo4dbdM8EQmejPUXESWS/s8MlWsbCjiym/kZSGvf8gskqWDLPMGrABWhbhGvKPdOZHhLI2IyS2TUBU2c93+t9WIV8xk76Ku5K1Tth4LXX07h63LWyIbwwLx5ayVqyzn0r9/4L/wjeM7Dz+OVnlM6kXs38Y3lBZncj5wuD1fVaZWYFIU77mfv/Vm9xVEIQ+anbtG2CYobsmunU/6swBvg6NZcjJCtINk3l/BE1xpwbOC6HSEw/qwRw0ldYySBpMijTUQL1OnD6ghQ0ZDgxGELQ9BQqhNNWR4ZDd4zxT4ius",
  "SHA256SUM": "e5872a199afeb919854938f89de402ff6f81237430e1ae22d2a7ad37432b1de5",
  "URL": "https://gitlab.manjaro.org/applications/calamares",
  "VERSION": "3.2.48-1",
}
`;
